#0 building with "default" instance using docker driver

#1 [backend internal] load build definition from Dockerfile
#1 transferring dockerfile: 370B done
#1 DONE 0.0s

#2 [backend internal] load metadata for docker.io/library/python:3.12-slim
#2 DONE 1.3s

#3 [backend internal] load .dockerignore
#3 transferring context: 225B done
#3 DONE 0.0s

#4 [backend 1/7] FROM docker.io/library/python:3.12-slim@sha256:dddfd7e07f9d15aeeca61529320492139d21cac7f0070c00609243e51e4e0016
#4 DONE 0.0s

#5 [backend internal] load build context
#5 transferring context: 866B done
#5 DONE 0.0s

#6 [backend 6/7] COPY backend ./backend
#6 CACHED

#7 [backend 2/7] WORKDIR /app
#7 CACHED

#8 [backend 3/7] COPY requirements.txt ./
#8 CACHED

#9 [backend 4/7] RUN pip install --no-cache-dir -r requirements.txt
#9 CACHED

#10 [backend 5/7] COPY restoration ./restoration
#10 CACHED

#11 [backend 7/7] RUN useradd --create-home appuser && chown -R appuser:appuser /app
#11 CACHED

#12 [backend] exporting to image
#12 exporting layers done
#12 writing image sha256:a6cc495fd7fecd343e84514d5875da2b1a0f287cf401631861ed483a8ed1e10b done
#12 naming to docker.io/library/restoration-lab-backend done
#12 DONE 0.0s

#13 [backend] resolving provenance for metadata file
#13 DONE 0.0s

#14 [frontend internal] load build definition from Dockerfile
#14 transferring dockerfile: 271B done
#14 DONE 0.0s

#15 [frontend internal] load metadata for docker.io/library/node:22-alpine
#15 ...

#16 [frontend internal] load metadata for docker.io/library/nginx:1.28-alpine
#16 DONE 1.2s

#15 [frontend internal] load metadata for docker.io/library/node:22-alpine
#15 DONE 1.2s

#17 [frontend internal] load .dockerignore
#17 transferring context: 58B done
#17 DONE 0.0s

#18 [frontend build 1/6] FROM docker.io/library/node:22-alpine@sha256:0a7108bf6c7bf5de370ffb1a3ed6be93d405b43ff159f681a8d18c0e2bc2e402
#18 DONE 0.0s

#19 [frontend stage-1 1/3] FROM docker.io/library/nginx:1.28-alpine@sha256:a8b39bd9cf0f83869a2162827a0caf6137ddf759d50a171451b335cecc87d236
#19 DONE 0.0s

#20 [frontend internal] load build context
#20 transferring context: 381B done
#20 DONE 0.0s

#21 [frontend build 4/6] RUN npm ci
#21 CACHED

#22 [frontend build 6/6] RUN npm run build
#22 CACHED

#23 [frontend stage-1 2/3] COPY nginx.conf /etc/nginx/conf.d/default.conf
#23 CACHED

#24 [frontend build 5/6] COPY . .
#24 CACHED

#25 [frontend build 3/6] COPY package*.json ./
#25 CACHED

#26 [frontend build 2/6] WORKDIR /app
#26 CACHED

#27 [frontend stage-1 3/3] COPY --from=build /app/dist /usr/share/nginx/html
#27 CACHED

#28 [frontend] exporting to image
#28 exporting layers done
#28 writing image sha256:e919a7f2d096339e22cb5d6f4809a17aac8930927b905524408cc5038b012f1e 0.0s done
#28 naming to docker.io/library/restoration-lab-frontend done
#28 DONE 0.0s

#29 [frontend] resolving provenance for metadata file
#29 DONE 0.0s
 backend  Built
 frontend  Built
 Container restoration-lab-backend-1  Created
 Container restoration-lab-frontend-1  Created
 Container restoration-lab-backend-1  Starting
 Container restoration-lab-backend-1  Started
 Container restoration-lab-backend-1  Waiting
 Container restoration-lab-backend-1  Healthy
 Container restoration-lab-frontend-1  Starting
 Container restoration-lab-frontend-1  Started
